[2026-04-03T14:27:50.767Z] {"timestamp":1775226468593,"level":"DEBUG","args":["[Manus] Debug collector initialized (no rrweb, UI events only)"],"stack":null}
[2026-04-03T14:27:50.767Z] {"timestamp":1775226469709,"level":"DEBUG","args":["[vite] connected."],"stack":null}
[2026-04-03T14:28:13.179Z] {"timestamp":1775226491021,"level":"DEBUG","args":["[Manus] Debug collector initialized (no rrweb, UI events only)"],"stack":null}
[2026-04-03T14:28:13.179Z] {"timestamp":1775226491734,"level":"DEBUG","args":["[vite] connected."],"stack":null}
[2026-04-03T14:28:19.579Z] {"timestamp":1775226497468,"level":"DEBUG","args":["[Manus] Debug collector initialized (no rrweb, UI events only)"],"stack":null}
[2026-04-03T14:28:19.579Z] {"timestamp":1775226498449,"level":"DEBUG","args":["[vite] connected."],"stack":null}
[2026-04-03T14:28:26.437Z] {"timestamp":1775226502520,"level":"DEBUG","args":["[Manus] Debug collector initialized (no rrweb, UI events only)"],"stack":null}
[2026-04-03T14:28:28.627Z] {"timestamp":1775226506697,"level":"DEBUG","args":["[vite] connected."],"stack":null}
[2026-04-03T14:28:32.592Z] {"timestamp":1775226510357,"level":"DEBUG","args":["[Manus] Debug collector initialized (no rrweb, UI events only)"],"stack":null}
[2026-04-03T14:28:32.592Z] {"timestamp":1775226511159,"level":"DEBUG","args":["[vite] connected."],"stack":null}
[2026-04-04T13:11:50.002Z] {"timestamp":1775308306989,"level":"DEBUG","args":["[Manus] Debug collector initialized (no rrweb, UI events only)"],"stack":null}
[2026-04-04T13:11:50.002Z] {"timestamp":1775308308435,"level":"DEBUG","args":["[vite] connected."],"stack":null}
[2026-04-04T13:18:29.428Z] {"timestamp":1775308706798,"level":"DEBUG","args":["[Manus] Debug collector initialized (no rrweb, UI events only)"],"stack":null}
[2026-04-04T13:18:29.428Z] {"timestamp":1775308707343,"level":"DEBUG","args":["[vite] connected."],"stack":null}
[2026-04-04T13:22:25.331Z] {"timestamp":1775308942110,"level":"DEBUG","args":["[Manus] Debug collector initialized (no rrweb, UI events only)"],"stack":null}
[2026-04-04T13:22:27.469Z] {"timestamp":1775308946671,"level":"DEBUG","args":["[vite] connected."],"stack":null}
[2026-04-04T13:22:39.195Z] {"timestamp":1775308956668,"level":"DEBUG","args":["[Manus] Debug collector initialized (no rrweb, UI events only)"],"stack":null}
[2026-04-04T13:22:39.195Z] {"timestamp":1775308957314,"level":"DEBUG","args":["[vite] connected."],"stack":null}
[2026-04-05T13:24:56.124Z] {"timestamp":1775395494050,"level":"DEBUG","args":["[Manus] Debug collector initialized (no rrweb, UI events only)"],"stack":null}
[2026-04-05T13:24:56.124Z] {"timestamp":1775395495807,"level":"DEBUG","args":["[vite] connected."],"stack":null}
[2026-04-05T13:25:11.777Z] {"timestamp":1775395508543,"level":"ERROR","args":[{"type":"UncaughtError","message":"Uncaught SyntaxError: The requested module '/node_modules/.vite/deps/@trpc_client.js?v=f3160cf6' does not provide an export named 'httpBatchStreamLink'","filename":"https://organic-space-bassoon-5gjvq5xv47wgh6v5-3001.app.github.dev/src/main.tsx?v=oW370DJnxT24tuODhTOEf","lineno":5,"colno":10,"stack":"SyntaxError: The requested module '/node_modules/.vite/deps/@trpc_client.js?v=f3160cf6' does not provide an export named 'httpBatchStreamLink'"}],"stack":"SyntaxError: The requested module '/node_modules/.vite/deps/@trpc_client.js?v=f3160cf6' does not provide an export named 'httpBatchStreamLink'"}
[2026-04-05T13:25:27.553Z] {"timestamp":1775395525479,"level":"DEBUG","args":["[Manus] Debug collector initialized (no rrweb, UI events only)"],"stack":null}
[2026-04-05T13:25:27.553Z] {"timestamp":1775395526129,"level":"DEBUG","args":["[vite] connected."],"stack":null}
[2026-04-05T13:25:27.553Z] {"timestamp":1775395526435,"level":"ERROR","args":[{"type":"UncaughtError","message":"Uncaught SyntaxError: The requested module '/node_modules/.vite/deps/@trpc_client.js?v=f3160cf6' does not provide an export named 'httpBatchStreamLink'","filename":"https://organic-space-bassoon-5gjvq5xv47wgh6v5-3001.app.github.dev/src/main.tsx?v=ioaKIib0HYbdqOC1vLwhq","lineno":5,"colno":10,"stack":"SyntaxError: The requested module '/node_modules/.vite/deps/@trpc_client.js?v=f3160cf6' does not provide an export named 'httpBatchStreamLink'"}],"stack":"SyntaxError: The requested module '/node_modules/.vite/deps/@trpc_client.js?v=f3160cf6' does not provide an export named 'httpBatchStreamLink'"}
[2026-04-10T10:03:16.759Z] {"timestamp":1775815394663,"level":"DEBUG","args":["[Manus] Debug collector initialized (no rrweb, UI events only)"],"stack":null}
[2026-04-10T10:03:16.759Z] {"timestamp":1775815395535,"level":"DEBUG","args":["[vite] connected."],"stack":null}
[2026-04-10T10:03:22.800Z] {"timestamp":1775815402156,"level":"ERROR","args":[{"type":"UncaughtError","message":"Uncaught SyntaxError: The requested module '/node_modules/.vite/deps/@trpc_client.js?v=f3160cf6' does not provide an export named 'httpBatchStreamLink'","filename":"https://organic-space-bassoon-5gjvq5xv47wgh6v5-3000.app.github.dev/src/main.tsx?v=YQ4QwazswIvbZ8qv2r4Kv","lineno":5,"colno":10,"stack":"SyntaxError: The requested module '/node_modules/.vite/deps/@trpc_client.js?v=f3160cf6' does not provide an export named 'httpBatchStreamLink'"}],"stack":"SyntaxError: The requested module '/node_modules/.vite/deps/@trpc_client.js?v=f3160cf6' does not provide an export named 'httpBatchStreamLink'"}
[2026-04-10T10:03:46.986Z] {"timestamp":1775815424832,"level":"DEBUG","args":["[Manus] Debug collector initialized (no rrweb, UI events only)"],"stack":null}
[2026-04-10T10:03:46.986Z] {"timestamp":1775815425465,"level":"DEBUG","args":["[vite] connected."],"stack":null}
[2026-04-10T10:03:46.986Z] {"timestamp":1775815425748,"level":"ERROR","args":[{"type":"UncaughtError","message":"Uncaught SyntaxError: The requested module '/node_modules/.vite/deps/@trpc_client.js?v=f3160cf6' does not provide an export named 'httpBatchStreamLink'","filename":"https://organic-space-bassoon-5gjvq5xv47wgh6v5-3000.app.github.dev/src/main.tsx?v=Wfb-1HV5wjdFxho_KQetm","lineno":5,"colno":10,"stack":"SyntaxError: The requested module '/node_modules/.vite/deps/@trpc_client.js?v=f3160cf6' does not provide an export named 'httpBatchStreamLink'"}],"stack":"SyntaxError: The requested module '/node_modules/.vite/deps/@trpc_client.js?v=f3160cf6' does not provide an export named 'httpBatchStreamLink'"}
[2026-04-10T10:04:11.650Z] {"timestamp":1775815449084,"level":"DEBUG","args":["[Manus] Debug collector initialized (no rrweb, UI events only)"],"stack":null}
[2026-04-10T10:04:11.650Z] {"timestamp":1775815449584,"level":"DEBUG","args":["[vite] connected."],"stack":null}
[2026-04-10T10:04:11.650Z] {"timestamp":1775815450135,"level":"ERROR","args":[{"type":"UncaughtError","message":"Uncaught SyntaxError: The requested module '/node_modules/.vite/deps/@trpc_client.js?v=f3160cf6' does not provide an export named 'httpBatchStreamLink'","filename":"https://organic-space-bassoon-5gjvq5xv47wgh6v5-3000.app.github.dev/src/main.tsx?v=fuU_psOgGuH4t8ISBwLUI","lineno":5,"colno":10,"stack":"SyntaxError: The requested module '/node_modules/.vite/deps/@trpc_client.js?v=f3160cf6' does not provide an export named 'httpBatchStreamLink'"}],"stack":"SyntaxError: The requested module '/node_modules/.vite/deps/@trpc_client.js?v=f3160cf6' does not provide an export named 'httpBatchStreamLink'"}
[2026-04-10T10:04:31.200Z] {"timestamp":1775815469064,"level":"DEBUG","args":["[Manus] Debug collector initialized (no rrweb, UI events only)"],"stack":null}
[2026-04-10T10:04:31.201Z] {"timestamp":1775815469598,"level":"DEBUG","args":["[vite] connected."],"stack":null}
[2026-04-10T10:04:31.201Z] {"timestamp":1775815470292,"level":"ERROR","args":[{"type":"UncaughtError","message":"Uncaught SyntaxError: The requested module '/node_modules/.vite/deps/@trpc_client.js?v=f3160cf6' does not provide an export named 'httpBatchStreamLink'","filename":"https://organic-space-bassoon-5gjvq5xv47wgh6v5-3000.app.github.dev/src/main.tsx?v=j7OVooAcd2B6HpTEm1g3_","lineno":5,"colno":10,"stack":"SyntaxError: The requested module '/node_modules/.vite/deps/@trpc_client.js?v=f3160cf6' does not provide an export named 'httpBatchStreamLink'"}],"stack":"SyntaxError: The requested module '/node_modules/.vite/deps/@trpc_client.js?v=f3160cf6' does not provide an export named 'httpBatchStreamLink'"}
[2026-04-10T10:05:23.551Z] {"timestamp":1775815521417,"level":"DEBUG","args":["[Manus] Debug collector initialized (no rrweb, UI events only)"],"stack":null}
[2026-04-10T10:05:23.551Z] {"timestamp":1775815521991,"level":"DEBUG","args":["[vite] connected."],"stack":null}
[2026-04-10T10:05:23.551Z] {"timestamp":1775815522331,"level":"ERROR","args":[{"type":"UncaughtError","message":"Uncaught SyntaxError: The requested module '/node_modules/.vite/deps/@trpc_client.js?v=f3160cf6' does not provide an export named 'httpBatchStreamLink'","filename":"https://organic-space-bassoon-5gjvq5xv47wgh6v5-3000.app.github.dev/src/main.tsx?v=aDiRBRx2_Yj596W0y0M9W","lineno":5,"colno":10,"stack":"SyntaxError: The requested module '/node_modules/.vite/deps/@trpc_client.js?v=f3160cf6' does not provide an export named 'httpBatchStreamLink'"}],"stack":"SyntaxError: The requested module '/node_modules/.vite/deps/@trpc_client.js?v=f3160cf6' does not provide an export named 'httpBatchStreamLink'"}
[2026-04-10T10:05:34.127Z] {"timestamp":1775815532017,"level":"DEBUG","args":["[Manus] Debug collector initialized (no rrweb, UI events only)"],"stack":null}
[2026-04-10T10:05:34.127Z] {"timestamp":1775815532593,"level":"DEBUG","args":["[vite] connected."],"stack":null}
[2026-04-10T10:05:34.127Z] {"timestamp":1775815533068,"level":"ERROR","args":[{"type":"UncaughtError","message":"Uncaught SyntaxError: The requested module '/node_modules/.vite/deps/@trpc_client.js?v=f3160cf6' does not provide an export named 'httpBatchStreamLink'","filename":"https://organic-space-bassoon-5gjvq5xv47wgh6v5-3000.app.github.dev/src/main.tsx?v=KUbUTsp66stR03mdfMnOi","lineno":5,"colno":10,"stack":"SyntaxError: The requested module '/node_modules/.vite/deps/@trpc_client.js?v=f3160cf6' does not provide an export named 'httpBatchStreamLink'"}],"stack":"SyntaxError: The requested module '/node_modules/.vite/deps/@trpc_client.js?v=f3160cf6' does not provide an export named 'httpBatchStreamLink'"}
